
> starbridgetutoring@0.0.0 build
> vite build

[36mvite v5.4.21 [32mbuilding for production...[36m[39m
transforming...
[32mΓ£ô[39m 1057 modules transformed.
node.exe : 
[31mx[39m Build 
failed in 4.26s
At line:1 char:1
+ & "C:\Program Files\
nodejs/node.exe" 
"C:\Program 
Files\nodejs/node_mo 
...
+ ~~~~~~~~~~~~~~~~~~~~
~~~~~~~~~~~~~~~~~~~~~~
~~~~~~~~~~~~~~~~~~~~~~
~~~~~
    + CategoryInfo    
          : NotSpeci  
  fied: ([31mx[39   
 m Build failed in    
 4.26s:String) []    
, RemoteException
    + FullyQualifiedE 
   rrorId : NativeCo  
  mmandError
 
[31merror during 
build:
[31m[commonjs--resolv
er] Could not load 
jotai/utils/index.js: 
ENOENT: no such file 
or directory, open 
'C:\Users\Rich Kev\Des
ktop\Starbridgetutor\j
otai\utils\index.js'[
31m
    at async open (nod
e:internal/fs/promises
:637:25)
    at async 
Object.readFile (node:
internal/fs/promises:1
269:14)
    at async 
Object.load (file:///C
:/Users/Rich%20Kev/Des
ktop/Starbridgetutor/n
ode_modules/vite/dist/
node/chunks/dep-BK3b2j
Ba.js:65357:25)
    at async PluginDri
ver.hookFirstAndGetPlu
gin (file:///C:/Users/
Rich%20Kev/Desktop/Sta
rbridgetutor/node_modu
les/rollup/dist/es/sha
red/node-entry.js:2243
0:28)
    at async file:///C
:/Users/Rich%20Kev/Des
ktop/Starbridgetutor/n
ode_modules/rollup/dis
t/es/shared/node-entry
.js:21422:33
    at async 
Queue.work (file:///C:
/Users/Rich%20Kev/Desk
top/Starbridgetutor/no
de_modules/rollup/dist
/es/shared/node-entry.
js:22658:32)[39m
